// Jest Snapshot v1, https://goo.gl/fbAQLP

exports[`the calculator snapshot and react testing library renders correctly 1`] = `
<header
  className="navbar-container"
>
  <h1
    className="navbar-title"
  >
    Math Magicians
  </h1>
  <ul
    className="navbar"
  >
    <li
      className="nav-item"
    >
      <a
        href="/home"
        onClick={[Function]}
      >
        Home
      </a>
    </li>
    <li
      className="nav-item"
    >
      <a
        href="/calculator"
        onClick={[Function]}
      >
        Calculator
      </a>
    </li>
    <li
      className="nav-item"
    >
      <a
        href="/quotes"
        onClick={[Function]}
      >
        Quote
      </a>
    </li>
  </ul>
</header>
`;
