// Jest Snapshot v1, https://goo.gl/fbAQLP

exports[`the calculator snapshot and react testing library renders correctly 1`] = `
<section
  className="quote-container"
>
  <div
    className="quote"
  >
    Mathematics is not about numbers, equations, computations, or algorithms: it is about understanding. â€“William Paul Thurston
  </div>
</section>
`;
